DEBUG - 2026-08-14 00:03:45 --> Session: Class initialized using 'CodeIgniter\Session\Handlers\FileHandler' driver.
DEBUG - 2026-08-14 00:03:49 --> Session: Class initialized using 'CodeIgniter\Session\Handlers\FileHandler' driver.
DEBUG - 2026-08-14 00:03:51 --> Session: Class initialized using 'CodeIgniter\Session\Handlers\FileHandler' driver.
DEBUG - 2026-08-14 00:04:01 --> Session: Class initialized using 'CodeIgniter\Session\Handlers\FileHandler' driver.
DEBUG - 2026-08-14 00:07:16 --> Session: Class initialized using 'CodeIgniter\Session\Handlers\FileHandler' driver.
DEBUG - 2026-08-14 00:09:48 --> Session: Class initialized using 'CodeIgniter\Session\Handlers\FileHandler' driver.
DEBUG - 2026-08-14 01:07:37 --> Session: Class initialized using 'CodeIgniter\Session\Handlers\FileHandler' driver.
DEBUG - 2026-08-14 01:07:39 --> Session: Class initialized using 'CodeIgniter\Session\Handlers\FileHandler' driver.
DEBUG - 2026-08-14 01:07:52 --> Session: Class initialized using 'CodeIgniter\Session\Handlers\FileHandler' driver.
DEBUG - 2026-08-14 01:07:59 --> Session: Class initialized using 'CodeIgniter\Session\Handlers\FileHandler' driver.
DEBUG - 2026-08-14 01:08:01 --> Session: Class initialized using 'CodeIgniter\Session\Handlers\FileHandler' driver.
DEBUG - 2026-08-14 01:09:04 --> Session: Class initialized using 'CodeIgniter\Session\Handlers\FileHandler' driver.
DEBUG - 2026-08-14 01:09:33 --> Session: Class initialized using 'CodeIgniter\Session\Handlers\FileHandler' driver.
DEBUG - 2026-08-14 01:09:39 --> Session: Class initialized using 'CodeIgniter\Session\Handlers\FileHandler' driver.
DEBUG - 2026-08-14 01:09:40 --> Session: Class initialized using 'CodeIgniter\Session\Handlers\FileHandler' driver.
DEBUG - 2026-08-14 01:09:42 --> Session: Class initialized using 'CodeIgniter\Session\Handlers\FileHandler' driver.
DEBUG - 2026-08-14 01:09:43 --> Session: Class initialized using 'CodeIgniter\Session\Handlers\FileHandler' driver.
DEBUG - 2026-08-14 01:11:36 --> Session: Class initialized using 'CodeIgniter\Session\Handlers\FileHandler' driver.
DEBUG - 2026-08-14 01:17:55 --> Session: Class initialized using 'CodeIgniter\Session\Handlers\FileHandler' driver.
DEBUG - 2026-08-14 01:17:56 --> Session: Class initialized using 'CodeIgniter\Session\Handlers\FileHandler' driver.
DEBUG - 2026-08-14 01:17:57 --> Session: Class initialized using 'CodeIgniter\Session\Handlers\FileHandler' driver.
DEBUG - 2026-08-14 01:17:57 --> Session: Class initialized using 'CodeIgniter\Session\Handlers\FileHandler' driver.
DEBUG - 2026-08-14 01:18:12 --> Session: Class initialized using 'CodeIgniter\Session\Handlers\FileHandler' driver.
DEBUG - 2026-08-14 01:18:16 --> Session: Class initialized using 'CodeIgniter\Session\Handlers\FileHandler' driver.
DEBUG - 2026-08-14 01:18:16 --> Session: Class initialized using 'CodeIgniter\Session\Handlers\FileHandler' driver.
DEBUG - 2026-08-14 01:18:24 --> Session: Class initialized using 'CodeIgniter\Session\Handlers\FileHandler' driver.
DEBUG - 2026-08-14 01:18:31 --> Session: Class initialized using 'CodeIgniter\Session\Handlers\FileHandler' driver.
DEBUG - 2026-08-14 01:18:44 --> Session: Class initialized using 'CodeIgniter\Session\Handlers\FileHandler' driver.
DEBUG - 2026-08-14 01:21:24 --> Session: Class initialized using 'CodeIgniter\Session\Handlers\FileHandler' driver.
DEBUG - 2026-08-14 01:26:38 --> Session: Class initialized using 'CodeIgniter\Session\Handlers\FileHandler' driver.
DEBUG - 2026-08-14 01:26:46 --> Session: Class initialized using 'CodeIgniter\Session\Handlers\FileHandler' driver.
DEBUG - 2026-08-14 01:27:32 --> Session: Class initialized using 'CodeIgniter\Session\Handlers\FileHandler' driver.
DEBUG - 2026-08-14 01:29:01 --> Session: Class initialized using 'CodeIgniter\Session\Handlers\FileHandler' driver.
DEBUG - 2026-08-14 01:29:14 --> Session: Class initialized using 'CodeIgniter\Session\Handlers\FileHandler' driver.
DEBUG - 2026-08-14 01:30:15 --> Session: Class initialized using 'CodeIgniter\Session\Handlers\FileHandler' driver.
DEBUG - 2026-08-14 16:57:17 --> Session: Class initialized using 'CodeIgniter\Session\Handlers\FileHandler' driver.
DEBUG - 2026-08-14 16:57:57 --> Session: Class initialized using 'CodeIgniter\Session\Handlers\FileHandler' driver.
DEBUG - 2026-08-14 16:57:58 --> Session: Class initialized using 'CodeIgniter\Session\Handlers\FileHandler' driver.
DEBUG - 2026-08-14 16:58:54 --> Session: Class initialized using 'CodeIgniter\Session\Handlers\FileHandler' driver.
DEBUG - 2026-08-14 16:58:54 --> Session: Class initialized using 'CodeIgniter\Session\Handlers\FileHandler' driver.
DEBUG - 2026-08-14 16:59:00 --> Session: Class initialized using 'CodeIgniter\Session\Handlers\FileHandler' driver.
DEBUG - 2026-08-14 16:59:00 --> Session: Class initialized using 'CodeIgniter\Session\Handlers\FileHandler' driver.
DEBUG - 2026-08-14 16:59:29 --> Session: Class initialized using 'CodeIgniter\Session\Handlers\FileHandler' driver.
DEBUG - 2026-08-14 16:59:35 --> Session: Class initialized using 'CodeIgniter\Session\Handlers\FileHandler' driver.
DEBUG - 2026-08-14 16:59:46 --> Session: Class initialized using 'CodeIgniter\Session\Handlers\FileHandler' driver.
DEBUG - 2026-08-14 18:42:37 --> Session: Class initialized using 'CodeIgniter\Session\Handlers\FileHandler' driver.
DEBUG - 2026-08-14 18:49:06 --> Session: Class initialized using 'CodeIgniter\Session\Handlers\FileHandler' driver.
DEBUG - 2026-08-14 19:01:33 --> Session: Class initialized using 'CodeIgniter\Session\Handlers\FileHandler' driver.
DEBUG - 2026-08-14 19:02:31 --> Session: Class initialized using 'CodeIgniter\Session\Handlers\FileHandler' driver.
DEBUG - 2026-08-14 20:40:27 --> Session: Class initialized using 'CodeIgniter\Session\Handlers\FileHandler' driver.
DEBUG - 2026-08-14 20:40:29 --> Session: Class initialized using 'CodeIgniter\Session\Handlers\FileHandler' driver.
ERROR - 2026-08-14 20:40:29 --> Unknown column 'cliente_id' in 'field list'
in SYSTEMPATH\Database\MySQLi\Connection.php on line 300.
 1 SYSTEMPATH\Database\MySQLi\Connection.php(300): mysqli->query('SELECT `c`.`id` as `cliente_id`, `c`.`nombre` as `cliente_nombre`, `c`.`telefono` as `cliente_telefono`, `c`.`limite_credito`, COALESCE(v.total_fiado, 0) as total_fiado, COALESCE(p.total_pagos, 0) as total_pagos, (COALESCE(v.total_fiado, 0) - COALESCE(p.total_pagos, 0)) as saldo_pendiente
FROM `clientes` `c`
LEFT JOIN (
                SELECT cliente_id, SUM(total) as total_fiado 
                FROM ventas 
                WHERE tipo_pago = \'FIADO\' AND estado = \'COMPLETADA\'
                GROUP BY cliente_id
            ) v ON `v`.`cliente_id` = `c`.`id`
LEFT JOIN (
                SELECT cliente_id, SUM(monto) as total_pagos 
                FROM pagos_fiado 
                GROUP BY cliente_id
            ) p ON `p`.`cliente_id` = `c`.`id`
WHERE `c`.`estado` = \'ACTIVO\'
ORDER BY `saldo_pendiente` DESC, `c`.`nombre` ASC', 0)
 2 SYSTEMPATH\Database\BaseConnection.php(908): CodeIgniter\Database\MySQLi\Connection->execute('SELECT `c`.`id` as `cliente_id`, `c`.`nombre` as `cliente_nombre`, `c`.`telefono` as `cliente_telefono`, `c`.`limite_credito`, COALESCE(v.total_fiado, 0) as total_fiado, COALESCE(p.total_pagos, 0) as total_pagos, (COALESCE(v.total_fiado, 0) - COALESCE(p.total_pagos, 0)) as saldo_pendiente
FROM `clientes` `c`
LEFT JOIN (
                SELECT cliente_id, SUM(total) as total_fiado 
                FROM ventas 
                WHERE tipo_pago = \'FIADO\' AND estado = \'COMPLETADA\'
                GROUP BY cliente_id
            ) v ON `v`.`cliente_id` = `c`.`id`
LEFT JOIN (
                SELECT cliente_id, SUM(monto) as total_pagos 
                FROM pagos_fiado 
                GROUP BY cliente_id
            ) p ON `p`.`cliente_id` = `c`.`id`
WHERE `c`.`estado` = \'ACTIVO\'
ORDER BY `saldo_pendiente` DESC, `c`.`nombre` ASC')
 3 SYSTEMPATH\Database\BaseConnection.php(825): CodeIgniter\Database\BaseConnection->simpleQuery('SELECT `c`.`id` as `cliente_id`, `c`.`nombre` as `cliente_nombre`, `c`.`telefono` as `cliente_telefono`, `c`.`limite_credito`, COALESCE(v.total_fiado, 0) as total_fiado, COALESCE(p.total_pagos, 0) as total_pagos, (COALESCE(v.total_fiado, 0) - COALESCE(p.total_pagos, 0)) as saldo_pendiente
FROM `clientes` `c`
LEFT JOIN (
                SELECT cliente_id, SUM(total) as total_fiado 
                FROM ventas 
                WHERE tipo_pago = \'FIADO\' AND estado = \'COMPLETADA\'
                GROUP BY cliente_id
            ) v ON `v`.`cliente_id` = `c`.`id`
LEFT JOIN (
                SELECT cliente_id, SUM(monto) as total_pagos 
                FROM pagos_fiado 
                GROUP BY cliente_id
            ) p ON `p`.`cliente_id` = `c`.`id`
WHERE `c`.`estado` = \'ACTIVO\'
ORDER BY `saldo_pendiente` DESC, `c`.`nombre` ASC')
 4 SYSTEMPATH\Database\BaseBuilder.php(1659): CodeIgniter\Database\BaseConnection->query('SELECT `c`.`id` as `cliente_id`, `c`.`nombre` as `cliente_nombre`, `c`.`telefono` as `cliente_telefono`, `c`.`limite_credito`, COALESCE(v.total_fiado, 0) as total_fiado, COALESCE(p.total_pagos, 0) as total_pagos, (COALESCE(v.total_fiado, 0) - COALESCE(p.total_pagos, 0)) as saldo_pendiente
FROM `clientes` `c`
LEFT JOIN (
                SELECT cliente_id, SUM(total) as total_fiado 
                FROM ventas 
                WHERE tipo_pago = \'FIADO\' AND estado = \'COMPLETADA\'
                GROUP BY cliente_id
            ) v ON `v`.`cliente_id` = `c`.`id`
LEFT JOIN (
                SELECT cliente_id, SUM(monto) as total_pagos 
                FROM pagos_fiado 
                GROUP BY cliente_id
            ) p ON `p`.`cliente_id` = `c`.`id`
WHERE `c`.`estado` = :c.estado:
ORDER BY `saldo_pendiente` DESC, `c`.`nombre` ASC', [...], false)
 5 APPPATH\Models\FiadoModel.php(63): CodeIgniter\Database\BaseBuilder->get()
 6 APPPATH\Services\FiadoService.php(27): App\Models\FiadoModel->obtenerClientesConDeuda(null)
 7 APPPATH\Controllers\Fiados.php(26): App\Services\FiadoService->obtenerListaClientes(null)
 8 SYSTEMPATH\CodeIgniter.php(974): App\Controllers\Fiados->index()
 9 SYSTEMPATH\CodeIgniter.php(520): CodeIgniter\CodeIgniter->runController(Object(App\Controllers\Fiados))
10 SYSTEMPATH\CodeIgniter.php(363): CodeIgniter\CodeIgniter->handleRequest(null, Object(Config\Cache), false)
11 SYSTEMPATH\Boot.php(417): CodeIgniter\CodeIgniter->run()
12 SYSTEMPATH\Boot.php(68): CodeIgniter\Boot::runCodeIgniter(Object(CodeIgniter\CodeIgniter))
13 FCPATH\index.php(59): CodeIgniter\Boot::bootWeb(Object(Config\Paths))
CRITICAL - 2026-08-14 20:40:29 --> CodeIgniter\Database\Exceptions\DatabaseException: Unknown column 'cliente_id' in 'field list'
[Method: GET, Route: fiados]
in SYSTEMPATH\Database\BaseConnection.php on line 863.
 1 SYSTEMPATH\Database\BaseBuilder.php(1659): CodeIgniter\Database\BaseConnection->query('SELECT `c`.`id` as `cliente_id`, `c`.`nombre` as `cliente_nombre`, `c`.`telefono` as `cliente_telefono`, `c`.`limite_credito`, COALESCE(v.total_fiado, 0) as total_fiado, COALESCE(p.total_pagos, 0) as total_pagos, (COALESCE(v.total_fiado, 0) - COALESCE(p.total_pagos, 0)) as saldo_pendiente
FROM `clientes` `c`
LEFT JOIN (
                SELECT cliente_id, SUM(total) as total_fiado 
                FROM ventas 
                WHERE tipo_pago = \'FIADO\' AND estado = \'COMPLETADA\'
                GROUP BY cliente_id
            ) v ON `v`.`cliente_id` = `c`.`id`
LEFT JOIN (
                SELECT cliente_id, SUM(monto) as total_pagos 
                FROM pagos_fiado 
                GROUP BY cliente_id
            ) p ON `p`.`cliente_id` = `c`.`id`
WHERE `c`.`estado` = :c.estado:
ORDER BY `saldo_pendiente` DESC, `c`.`nombre` ASC', [...], false)
 2 APPPATH\Models\FiadoModel.php(63): CodeIgniter\Database\BaseBuilder->get()
 3 APPPATH\Services\FiadoService.php(27): App\Models\FiadoModel->obtenerClientesConDeuda(null)
 4 APPPATH\Controllers\Fiados.php(26): App\Services\FiadoService->obtenerListaClientes(null)
 5 SYSTEMPATH\CodeIgniter.php(974): App\Controllers\Fiados->index()
 6 SYSTEMPATH\CodeIgniter.php(520): CodeIgniter\CodeIgniter->runController(Object(App\Controllers\Fiados))
 7 SYSTEMPATH\CodeIgniter.php(363): CodeIgniter\CodeIgniter->handleRequest(null, Object(Config\Cache), false)
 8 SYSTEMPATH\Boot.php(417): CodeIgniter\CodeIgniter->run()
 9 SYSTEMPATH\Boot.php(68): CodeIgniter\Boot::runCodeIgniter(Object(CodeIgniter\CodeIgniter))
10 FCPATH\index.php(59): CodeIgniter\Boot::bootWeb(Object(Config\Paths))
CRITICAL - 2026-08-14 20:40:29 --> [Caused by] CodeIgniter\Database\Exceptions\DatabaseException: Unknown column 'cliente_id' in 'field list'
in SYSTEMPATH\Database\MySQLi\Connection.php on line 310.
 1 SYSTEMPATH\Database\BaseConnection.php(908): CodeIgniter\Database\MySQLi\Connection->execute('SELECT `c`.`id` as `cliente_id`, `c`.`nombre` as `cliente_nombre`, `c`.`telefono` as `cliente_telefono`, `c`.`limite_credito`, COALESCE(v.total_fiado, 0) as total_fiado, COALESCE(p.total_pagos, 0) as total_pagos, (COALESCE(v.total_fiado, 0) - COALESCE(p.total_pagos, 0)) as saldo_pendiente
FROM `clientes` `c`
LEFT JOIN (
                SELECT cliente_id, SUM(total) as total_fiado 
                FROM ventas 
                WHERE tipo_pago = \'FIADO\' AND estado = \'COMPLETADA\'
                GROUP BY cliente_id
            ) v ON `v`.`cliente_id` = `c`.`id`
LEFT JOIN (
                SELECT cliente_id, SUM(monto) as total_pagos 
                FROM pagos_fiado 
                GROUP BY cliente_id
            ) p ON `p`.`cliente_id` = `c`.`id`
WHERE `c`.`estado` = \'ACTIVO\'
ORDER BY `saldo_pendiente` DESC, `c`.`nombre` ASC')
 2 SYSTEMPATH\Database\BaseConnection.php(825): CodeIgniter\Database\BaseConnection->simpleQuery('SELECT `c`.`id` as `cliente_id`, `c`.`nombre` as `cliente_nombre`, `c`.`telefono` as `cliente_telefono`, `c`.`limite_credito`, COALESCE(v.total_fiado, 0) as total_fiado, COALESCE(p.total_pagos, 0) as total_pagos, (COALESCE(v.total_fiado, 0) - COALESCE(p.total_pagos, 0)) as saldo_pendiente
FROM `clientes` `c`
LEFT JOIN (
                SELECT cliente_id, SUM(total) as total_fiado 
                FROM ventas 
                WHERE tipo_pago = \'FIADO\' AND estado = \'COMPLETADA\'
                GROUP BY cliente_id
            ) v ON `v`.`cliente_id` = `c`.`id`
LEFT JOIN (
                SELECT cliente_id, SUM(monto) as total_pagos 
                FROM pagos_fiado 
                GROUP BY cliente_id
            ) p ON `p`.`cliente_id` = `c`.`id`
WHERE `c`.`estado` = \'ACTIVO\'
ORDER BY `saldo_pendiente` DESC, `c`.`nombre` ASC')
 3 SYSTEMPATH\Database\BaseBuilder.php(1659): CodeIgniter\Database\BaseConnection->query('SELECT `c`.`id` as `cliente_id`, `c`.`nombre` as `cliente_nombre`, `c`.`telefono` as `cliente_telefono`, `c`.`limite_credito`, COALESCE(v.total_fiado, 0) as total_fiado, COALESCE(p.total_pagos, 0) as total_pagos, (COALESCE(v.total_fiado, 0) - COALESCE(p.total_pagos, 0)) as saldo_pendiente
FROM `clientes` `c`
LEFT JOIN (
                SELECT cliente_id, SUM(total) as total_fiado 
                FROM ventas 
                WHERE tipo_pago = \'FIADO\' AND estado = \'COMPLETADA\'
                GROUP BY cliente_id
            ) v ON `v`.`cliente_id` = `c`.`id`
LEFT JOIN (
                SELECT cliente_id, SUM(monto) as total_pagos 
                FROM pagos_fiado 
                GROUP BY cliente_id
            ) p ON `p`.`cliente_id` = `c`.`id`
WHERE `c`.`estado` = :c.estado:
ORDER BY `saldo_pendiente` DESC, `c`.`nombre` ASC', [...], false)
 4 APPPATH\Models\FiadoModel.php(63): CodeIgniter\Database\BaseBuilder->get()
 5 APPPATH\Services\FiadoService.php(27): App\Models\FiadoModel->obtenerClientesConDeuda(null)
 6 APPPATH\Controllers\Fiados.php(26): App\Services\FiadoService->obtenerListaClientes(null)
 7 SYSTEMPATH\CodeIgniter.php(974): App\Controllers\Fiados->index()
 8 SYSTEMPATH\CodeIgniter.php(520): CodeIgniter\CodeIgniter->runController(Object(App\Controllers\Fiados))
 9 SYSTEMPATH\CodeIgniter.php(363): CodeIgniter\CodeIgniter->handleRequest(null, Object(Config\Cache), false)
10 SYSTEMPATH\Boot.php(417): CodeIgniter\CodeIgniter->run()
11 SYSTEMPATH\Boot.php(68): CodeIgniter\Boot::runCodeIgniter(Object(CodeIgniter\CodeIgniter))
12 FCPATH\index.php(59): CodeIgniter\Boot::bootWeb(Object(Config\Paths))
CRITICAL - 2026-08-14 20:40:29 --> [Caused by] mysqli_sql_exception: Unknown column 'cliente_id' in 'field list'
in SYSTEMPATH\Database\MySQLi\Connection.php on line 300.
 1 SYSTEMPATH\Database\MySQLi\Connection.php(300): mysqli->query('SELECT `c`.`id` as `cliente_id`, `c`.`nombre` as `cliente_nombre`, `c`.`telefono` as `cliente_telefono`, `c`.`limite_credito`, COALESCE(v.total_fiado, 0) as total_fiado, COALESCE(p.total_pagos, 0) as total_pagos, (COALESCE(v.total_fiado, 0) - COALESCE(p.total_pagos, 0)) as saldo_pendiente
FROM `clientes` `c`
LEFT JOIN (
                SELECT cliente_id, SUM(total) as total_fiado 
                FROM ventas 
                WHERE tipo_pago = \'FIADO\' AND estado = \'COMPLETADA\'
                GROUP BY cliente_id
            ) v ON `v`.`cliente_id` = `c`.`id`
LEFT JOIN (
                SELECT cliente_id, SUM(monto) as total_pagos 
                FROM pagos_fiado 
                GROUP BY cliente_id
            ) p ON `p`.`cliente_id` = `c`.`id`
WHERE `c`.`estado` = \'ACTIVO\'
ORDER BY `saldo_pendiente` DESC, `c`.`nombre` ASC', 0)
 2 SYSTEMPATH\Database\BaseConnection.php(908): CodeIgniter\Database\MySQLi\Connection->execute('SELECT `c`.`id` as `cliente_id`, `c`.`nombre` as `cliente_nombre`, `c`.`telefono` as `cliente_telefono`, `c`.`limite_credito`, COALESCE(v.total_fiado, 0) as total_fiado, COALESCE(p.total_pagos, 0) as total_pagos, (COALESCE(v.total_fiado, 0) - COALESCE(p.total_pagos, 0)) as saldo_pendiente
FROM `clientes` `c`
LEFT JOIN (
                SELECT cliente_id, SUM(total) as total_fiado 
                FROM ventas 
                WHERE tipo_pago = \'FIADO\' AND estado = \'COMPLETADA\'
                GROUP BY cliente_id
            ) v ON `v`.`cliente_id` = `c`.`id`
LEFT JOIN (
                SELECT cliente_id, SUM(monto) as total_pagos 
                FROM pagos_fiado 
                GROUP BY cliente_id
            ) p ON `p`.`cliente_id` = `c`.`id`
WHERE `c`.`estado` = \'ACTIVO\'
ORDER BY `saldo_pendiente` DESC, `c`.`nombre` ASC')
 3 SYSTEMPATH\Database\BaseConnection.php(825): CodeIgniter\Database\BaseConnection->simpleQuery('SELECT `c`.`id` as `cliente_id`, `c`.`nombre` as `cliente_nombre`, `c`.`telefono` as `cliente_telefono`, `c`.`limite_credito`, COALESCE(v.total_fiado, 0) as total_fiado, COALESCE(p.total_pagos, 0) as total_pagos, (COALESCE(v.total_fiado, 0) - COALESCE(p.total_pagos, 0)) as saldo_pendiente
FROM `clientes` `c`
LEFT JOIN (
                SELECT cliente_id, SUM(total) as total_fiado 
                FROM ventas 
                WHERE tipo_pago = \'FIADO\' AND estado = \'COMPLETADA\'
                GROUP BY cliente_id
            ) v ON `v`.`cliente_id` = `c`.`id`
LEFT JOIN (
                SELECT cliente_id, SUM(monto) as total_pagos 
                FROM pagos_fiado 
                GROUP BY cliente_id
            ) p ON `p`.`cliente_id` = `c`.`id`
WHERE `c`.`estado` = \'ACTIVO\'
ORDER BY `saldo_pendiente` DESC, `c`.`nombre` ASC')
 4 SYSTEMPATH\Database\BaseBuilder.php(1659): CodeIgniter\Database\BaseConnection->query('SELECT `c`.`id` as `cliente_id`, `c`.`nombre` as `cliente_nombre`, `c`.`telefono` as `cliente_telefono`, `c`.`limite_credito`, COALESCE(v.total_fiado, 0) as total_fiado, COALESCE(p.total_pagos, 0) as total_pagos, (COALESCE(v.total_fiado, 0) - COALESCE(p.total_pagos, 0)) as saldo_pendiente
FROM `clientes` `c`
LEFT JOIN (
                SELECT cliente_id, SUM(total) as total_fiado 
                FROM ventas 
                WHERE tipo_pago = \'FIADO\' AND estado = \'COMPLETADA\'
                GROUP BY cliente_id
            ) v ON `v`.`cliente_id` = `c`.`id`
LEFT JOIN (
                SELECT cliente_id, SUM(monto) as total_pagos 
                FROM pagos_fiado 
                GROUP BY cliente_id
            ) p ON `p`.`cliente_id` = `c`.`id`
WHERE `c`.`estado` = :c.estado:
ORDER BY `saldo_pendiente` DESC, `c`.`nombre` ASC', [...], false)
 5 APPPATH\Models\FiadoModel.php(63): CodeIgniter\Database\BaseBuilder->get()
 6 APPPATH\Services\FiadoService.php(27): App\Models\FiadoModel->obtenerClientesConDeuda(null)
 7 APPPATH\Controllers\Fiados.php(26): App\Services\FiadoService->obtenerListaClientes(null)
 8 SYSTEMPATH\CodeIgniter.php(974): App\Controllers\Fiados->index()
 9 SYSTEMPATH\CodeIgniter.php(520): CodeIgniter\CodeIgniter->runController(Object(App\Controllers\Fiados))
10 SYSTEMPATH\CodeIgniter.php(363): CodeIgniter\CodeIgniter->handleRequest(null, Object(Config\Cache), false)
11 SYSTEMPATH\Boot.php(417): CodeIgniter\CodeIgniter->run()
12 SYSTEMPATH\Boot.php(68): CodeIgniter\Boot::runCodeIgniter(Object(CodeIgniter\CodeIgniter))
13 FCPATH\index.php(59): CodeIgniter\Boot::bootWeb(Object(Config\Paths))
DEBUG - 2026-08-14 20:41:43 --> Session: Class initialized using 'CodeIgniter\Session\Handlers\FileHandler' driver.
DEBUG - 2026-08-14 20:41:46 --> Session: Class initialized using 'CodeIgniter\Session\Handlers\FileHandler' driver.
DEBUG - 2026-08-14 20:41:47 --> Session: Class initialized using 'CodeIgniter\Session\Handlers\FileHandler' driver.
ERROR - 2026-08-14 20:41:47 --> Unknown column 'cliente_id' in 'field list'
in SYSTEMPATH\Database\MySQLi\Connection.php on line 300.
 1 SYSTEMPATH\Database\MySQLi\Connection.php(300): mysqli->query('SELECT `c`.`id` as `cliente_id`, `c`.`nombre` as `cliente_nombre`, `c`.`telefono` as `cliente_telefono`, `c`.`limite_credito`, COALESCE(v.total_fiado, 0) as total_fiado, COALESCE(p.total_pagos, 0) as total_pagos, (COALESCE(v.total_fiado, 0) - COALESCE(p.total_pagos, 0)) as saldo_pendiente
FROM `clientes` `c`
LEFT JOIN (
                SELECT cliente_id, SUM(total) as total_fiado 
                FROM ventas 
                WHERE tipo_pago = \'FIADO\' AND estado = \'COMPLETADA\'
                GROUP BY cliente_id
            ) v ON `v`.`cliente_id` = `c`.`id`
LEFT JOIN (
                SELECT cliente_id, SUM(monto) as total_pagos 
                FROM pagos_fiado 
                GROUP BY cliente_id
            ) p ON `p`.`cliente_id` = `c`.`id`
WHERE `c`.`estado` = \'ACTIVO\'
ORDER BY `saldo_pendiente` DESC, `c`.`nombre` ASC', 0)
 2 SYSTEMPATH\Database\BaseConnection.php(908): CodeIgniter\Database\MySQLi\Connection->execute('SELECT `c`.`id` as `cliente_id`, `c`.`nombre` as `cliente_nombre`, `c`.`telefono` as `cliente_telefono`, `c`.`limite_credito`, COALESCE(v.total_fiado, 0) as total_fiado, COALESCE(p.total_pagos, 0) as total_pagos, (COALESCE(v.total_fiado, 0) - COALESCE(p.total_pagos, 0)) as saldo_pendiente
FROM `clientes` `c`
LEFT JOIN (
                SELECT cliente_id, SUM(total) as total_fiado 
                FROM ventas 
                WHERE tipo_pago = \'FIADO\' AND estado = \'COMPLETADA\'
                GROUP BY cliente_id
            ) v ON `v`.`cliente_id` = `c`.`id`
LEFT JOIN (
                SELECT cliente_id, SUM(monto) as total_pagos 
                FROM pagos_fiado 
                GROUP BY cliente_id
            ) p ON `p`.`cliente_id` = `c`.`id`
WHERE `c`.`estado` = \'ACTIVO\'
ORDER BY `saldo_pendiente` DESC, `c`.`nombre` ASC')
 3 SYSTEMPATH\Database\BaseConnection.php(825): CodeIgniter\Database\BaseConnection->simpleQuery('SELECT `c`.`id` as `cliente_id`, `c`.`nombre` as `cliente_nombre`, `c`.`telefono` as `cliente_telefono`, `c`.`limite_credito`, COALESCE(v.total_fiado, 0) as total_fiado, COALESCE(p.total_pagos, 0) as total_pagos, (COALESCE(v.total_fiado, 0) - COALESCE(p.total_pagos, 0)) as saldo_pendiente
FROM `clientes` `c`
LEFT JOIN (
                SELECT cliente_id, SUM(total) as total_fiado 
                FROM ventas 
                WHERE tipo_pago = \'FIADO\' AND estado = \'COMPLETADA\'
                GROUP BY cliente_id
            ) v ON `v`.`cliente_id` = `c`.`id`
LEFT JOIN (
                SELECT cliente_id, SUM(monto) as total_pagos 
                FROM pagos_fiado 
                GROUP BY cliente_id
            ) p ON `p`.`cliente_id` = `c`.`id`
WHERE `c`.`estado` = \'ACTIVO\'
ORDER BY `saldo_pendiente` DESC, `c`.`nombre` ASC')
 4 SYSTEMPATH\Database\BaseBuilder.php(1659): CodeIgniter\Database\BaseConnection->query('SELECT `c`.`id` as `cliente_id`, `c`.`nombre` as `cliente_nombre`, `c`.`telefono` as `cliente_telefono`, `c`.`limite_credito`, COALESCE(v.total_fiado, 0) as total_fiado, COALESCE(p.total_pagos, 0) as total_pagos, (COALESCE(v.total_fiado, 0) - COALESCE(p.total_pagos, 0)) as saldo_pendiente
FROM `clientes` `c`
LEFT JOIN (
                SELECT cliente_id, SUM(total) as total_fiado 
                FROM ventas 
                WHERE tipo_pago = \'FIADO\' AND estado = \'COMPLETADA\'
                GROUP BY cliente_id
            ) v ON `v`.`cliente_id` = `c`.`id`
LEFT JOIN (
                SELECT cliente_id, SUM(monto) as total_pagos 
                FROM pagos_fiado 
                GROUP BY cliente_id
            ) p ON `p`.`cliente_id` = `c`.`id`
WHERE `c`.`estado` = :c.estado:
ORDER BY `saldo_pendiente` DESC, `c`.`nombre` ASC', [...], false)
 5 APPPATH\Models\FiadoModel.php(63): CodeIgniter\Database\BaseBuilder->get()
 6 APPPATH\Services\FiadoService.php(27): App\Models\FiadoModel->obtenerClientesConDeuda(null)
 7 APPPATH\Controllers\Fiados.php(26): App\Services\FiadoService->obtenerListaClientes(null)
 8 SYSTEMPATH\CodeIgniter.php(974): App\Controllers\Fiados->index()
 9 SYSTEMPATH\CodeIgniter.php(520): CodeIgniter\CodeIgniter->runController(Object(App\Controllers\Fiados))
10 SYSTEMPATH\CodeIgniter.php(363): CodeIgniter\CodeIgniter->handleRequest(null, Object(Config\Cache), false)
11 SYSTEMPATH\Boot.php(417): CodeIgniter\CodeIgniter->run()
12 SYSTEMPATH\Boot.php(68): CodeIgniter\Boot::runCodeIgniter(Object(CodeIgniter\CodeIgniter))
13 FCPATH\index.php(59): CodeIgniter\Boot::bootWeb(Object(Config\Paths))
CRITICAL - 2026-08-14 20:41:47 --> CodeIgniter\Database\Exceptions\DatabaseException: Unknown column 'cliente_id' in 'field list'
[Method: GET, Route: fiados]
in SYSTEMPATH\Database\BaseConnection.php on line 863.
 1 SYSTEMPATH\Database\BaseBuilder.php(1659): CodeIgniter\Database\BaseConnection->query('SELECT `c`.`id` as `cliente_id`, `c`.`nombre` as `cliente_nombre`, `c`.`telefono` as `cliente_telefono`, `c`.`limite_credito`, COALESCE(v.total_fiado, 0) as total_fiado, COALESCE(p.total_pagos, 0) as total_pagos, (COALESCE(v.total_fiado, 0) - COALESCE(p.total_pagos, 0)) as saldo_pendiente
FROM `clientes` `c`
LEFT JOIN (
                SELECT cliente_id, SUM(total) as total_fiado 
                FROM ventas 
                WHERE tipo_pago = \'FIADO\' AND estado = \'COMPLETADA\'
                GROUP BY cliente_id
            ) v ON `v`.`cliente_id` = `c`.`id`
LEFT JOIN (
                SELECT cliente_id, SUM(monto) as total_pagos 
                FROM pagos_fiado 
                GROUP BY cliente_id
            ) p ON `p`.`cliente_id` = `c`.`id`
WHERE `c`.`estado` = :c.estado:
ORDER BY `saldo_pendiente` DESC, `c`.`nombre` ASC', [...], false)
 2 APPPATH\Models\FiadoModel.php(63): CodeIgniter\Database\BaseBuilder->get()
 3 APPPATH\Services\FiadoService.php(27): App\Models\FiadoModel->obtenerClientesConDeuda(null)
 4 APPPATH\Controllers\Fiados.php(26): App\Services\FiadoService->obtenerListaClientes(null)
 5 SYSTEMPATH\CodeIgniter.php(974): App\Controllers\Fiados->index()
 6 SYSTEMPATH\CodeIgniter.php(520): CodeIgniter\CodeIgniter->runController(Object(App\Controllers\Fiados))
 7 SYSTEMPATH\CodeIgniter.php(363): CodeIgniter\CodeIgniter->handleRequest(null, Object(Config\Cache), false)
 8 SYSTEMPATH\Boot.php(417): CodeIgniter\CodeIgniter->run()
 9 SYSTEMPATH\Boot.php(68): CodeIgniter\Boot::runCodeIgniter(Object(CodeIgniter\CodeIgniter))
10 FCPATH\index.php(59): CodeIgniter\Boot::bootWeb(Object(Config\Paths))
CRITICAL - 2026-08-14 20:41:47 --> [Caused by] CodeIgniter\Database\Exceptions\DatabaseException: Unknown column 'cliente_id' in 'field list'
in SYSTEMPATH\Database\MySQLi\Connection.php on line 310.
 1 SYSTEMPATH\Database\BaseConnection.php(908): CodeIgniter\Database\MySQLi\Connection->execute('SELECT `c`.`id` as `cliente_id`, `c`.`nombre` as `cliente_nombre`, `c`.`telefono` as `cliente_telefono`, `c`.`limite_credito`, COALESCE(v.total_fiado, 0) as total_fiado, COALESCE(p.total_pagos, 0) as total_pagos, (COALESCE(v.total_fiado, 0) - COALESCE(p.total_pagos, 0)) as saldo_pendiente
FROM `clientes` `c`
LEFT JOIN (
                SELECT cliente_id, SUM(total) as total_fiado 
                FROM ventas 
                WHERE tipo_pago = \'FIADO\' AND estado = \'COMPLETADA\'
                GROUP BY cliente_id
            ) v ON `v`.`cliente_id` = `c`.`id`
LEFT JOIN (
                SELECT cliente_id, SUM(monto) as total_pagos 
                FROM pagos_fiado 
                GROUP BY cliente_id
            ) p ON `p`.`cliente_id` = `c`.`id`
WHERE `c`.`estado` = \'ACTIVO\'
ORDER BY `saldo_pendiente` DESC, `c`.`nombre` ASC')
 2 SYSTEMPATH\Database\BaseConnection.php(825): CodeIgniter\Database\BaseConnection->simpleQuery('SELECT `c`.`id` as `cliente_id`, `c`.`nombre` as `cliente_nombre`, `c`.`telefono` as `cliente_telefono`, `c`.`limite_credito`, COALESCE(v.total_fiado, 0) as total_fiado, COALESCE(p.total_pagos, 0) as total_pagos, (COALESCE(v.total_fiado, 0) - COALESCE(p.total_pagos, 0)) as saldo_pendiente
FROM `clientes` `c`
LEFT JOIN (
                SELECT cliente_id, SUM(total) as total_fiado 
                FROM ventas 
                WHERE tipo_pago = \'FIADO\' AND estado = \'COMPLETADA\'
                GROUP BY cliente_id
            ) v ON `v`.`cliente_id` = `c`.`id`
LEFT JOIN (
                SELECT cliente_id, SUM(monto) as total_pagos 
                FROM pagos_fiado 
                GROUP BY cliente_id
            ) p ON `p`.`cliente_id` = `c`.`id`
WHERE `c`.`estado` = \'ACTIVO\'
ORDER BY `saldo_pendiente` DESC, `c`.`nombre` ASC')
 3 SYSTEMPATH\Database\BaseBuilder.php(1659): CodeIgniter\Database\BaseConnection->query('SELECT `c`.`id` as `cliente_id`, `c`.`nombre` as `cliente_nombre`, `c`.`telefono` as `cliente_telefono`, `c`.`limite_credito`, COALESCE(v.total_fiado, 0) as total_fiado, COALESCE(p.total_pagos, 0) as total_pagos, (COALESCE(v.total_fiado, 0) - COALESCE(p.total_pagos, 0)) as saldo_pendiente
FROM `clientes` `c`
LEFT JOIN (
                SELECT cliente_id, SUM(total) as total_fiado 
                FROM ventas 
                WHERE tipo_pago = \'FIADO\' AND estado = \'COMPLETADA\'
                GROUP BY cliente_id
            ) v ON `v`.`cliente_id` = `c`.`id`
LEFT JOIN (
                SELECT cliente_id, SUM(monto) as total_pagos 
                FROM pagos_fiado 
                GROUP BY cliente_id
            ) p ON `p`.`cliente_id` = `c`.`id`
WHERE `c`.`estado` = :c.estado:
ORDER BY `saldo_pendiente` DESC, `c`.`nombre` ASC', [...], false)
 4 APPPATH\Models\FiadoModel.php(63): CodeIgniter\Database\BaseBuilder->get()
 5 APPPATH\Services\FiadoService.php(27): App\Models\FiadoModel->obtenerClientesConDeuda(null)
 6 APPPATH\Controllers\Fiados.php(26): App\Services\FiadoService->obtenerListaClientes(null)
 7 SYSTEMPATH\CodeIgniter.php(974): App\Controllers\Fiados->index()
 8 SYSTEMPATH\CodeIgniter.php(520): CodeIgniter\CodeIgniter->runController(Object(App\Controllers\Fiados))
 9 SYSTEMPATH\CodeIgniter.php(363): CodeIgniter\CodeIgniter->handleRequest(null, Object(Config\Cache), false)
10 SYSTEMPATH\Boot.php(417): CodeIgniter\CodeIgniter->run()
11 SYSTEMPATH\Boot.php(68): CodeIgniter\Boot::runCodeIgniter(Object(CodeIgniter\CodeIgniter))
12 FCPATH\index.php(59): CodeIgniter\Boot::bootWeb(Object(Config\Paths))
CRITICAL - 2026-08-14 20:41:47 --> [Caused by] mysqli_sql_exception: Unknown column 'cliente_id' in 'field list'
in SYSTEMPATH\Database\MySQLi\Connection.php on line 300.
 1 SYSTEMPATH\Database\MySQLi\Connection.php(300): mysqli->query('SELECT `c`.`id` as `cliente_id`, `c`.`nombre` as `cliente_nombre`, `c`.`telefono` as `cliente_telefono`, `c`.`limite_credito`, COALESCE(v.total_fiado, 0) as total_fiado, COALESCE(p.total_pagos, 0) as total_pagos, (COALESCE(v.total_fiado, 0) - COALESCE(p.total_pagos, 0)) as saldo_pendiente
FROM `clientes` `c`
LEFT JOIN (
                SELECT cliente_id, SUM(total) as total_fiado 
                FROM ventas 
                WHERE tipo_pago = \'FIADO\' AND estado = \'COMPLETADA\'
                GROUP BY cliente_id
            ) v ON `v`.`cliente_id` = `c`.`id`
LEFT JOIN (
                SELECT cliente_id, SUM(monto) as total_pagos 
                FROM pagos_fiado 
                GROUP BY cliente_id
            ) p ON `p`.`cliente_id` = `c`.`id`
WHERE `c`.`estado` = \'ACTIVO\'
ORDER BY `saldo_pendiente` DESC, `c`.`nombre` ASC', 0)
 2 SYSTEMPATH\Database\BaseConnection.php(908): CodeIgniter\Database\MySQLi\Connection->execute('SELECT `c`.`id` as `cliente_id`, `c`.`nombre` as `cliente_nombre`, `c`.`telefono` as `cliente_telefono`, `c`.`limite_credito`, COALESCE(v.total_fiado, 0) as total_fiado, COALESCE(p.total_pagos, 0) as total_pagos, (COALESCE(v.total_fiado, 0) - COALESCE(p.total_pagos, 0)) as saldo_pendiente
FROM `clientes` `c`
LEFT JOIN (
                SELECT cliente_id, SUM(total) as total_fiado 
                FROM ventas 
                WHERE tipo_pago = \'FIADO\' AND estado = \'COMPLETADA\'
                GROUP BY cliente_id
            ) v ON `v`.`cliente_id` = `c`.`id`
LEFT JOIN (
                SELECT cliente_id, SUM(monto) as total_pagos 
                FROM pagos_fiado 
                GROUP BY cliente_id
            ) p ON `p`.`cliente_id` = `c`.`id`
WHERE `c`.`estado` = \'ACTIVO\'
ORDER BY `saldo_pendiente` DESC, `c`.`nombre` ASC')
 3 SYSTEMPATH\Database\BaseConnection.php(825): CodeIgniter\Database\BaseConnection->simpleQuery('SELECT `c`.`id` as `cliente_id`, `c`.`nombre` as `cliente_nombre`, `c`.`telefono` as `cliente_telefono`, `c`.`limite_credito`, COALESCE(v.total_fiado, 0) as total_fiado, COALESCE(p.total_pagos, 0) as total_pagos, (COALESCE(v.total_fiado, 0) - COALESCE(p.total_pagos, 0)) as saldo_pendiente
FROM `clientes` `c`
LEFT JOIN (
                SELECT cliente_id, SUM(total) as total_fiado 
                FROM ventas 
                WHERE tipo_pago = \'FIADO\' AND estado = \'COMPLETADA\'
                GROUP BY cliente_id
            ) v ON `v`.`cliente_id` = `c`.`id`
LEFT JOIN (
                SELECT cliente_id, SUM(monto) as total_pagos 
                FROM pagos_fiado 
                GROUP BY cliente_id
            ) p ON `p`.`cliente_id` = `c`.`id`
WHERE `c`.`estado` = \'ACTIVO\'
ORDER BY `saldo_pendiente` DESC, `c`.`nombre` ASC')
 4 SYSTEMPATH\Database\BaseBuilder.php(1659): CodeIgniter\Database\BaseConnection->query('SELECT `c`.`id` as `cliente_id`, `c`.`nombre` as `cliente_nombre`, `c`.`telefono` as `cliente_telefono`, `c`.`limite_credito`, COALESCE(v.total_fiado, 0) as total_fiado, COALESCE(p.total_pagos, 0) as total_pagos, (COALESCE(v.total_fiado, 0) - COALESCE(p.total_pagos, 0)) as saldo_pendiente
FROM `clientes` `c`
LEFT JOIN (
                SELECT cliente_id, SUM(total) as total_fiado 
                FROM ventas 
                WHERE tipo_pago = \'FIADO\' AND estado = \'COMPLETADA\'
                GROUP BY cliente_id
            ) v ON `v`.`cliente_id` = `c`.`id`
LEFT JOIN (
                SELECT cliente_id, SUM(monto) as total_pagos 
                FROM pagos_fiado 
                GROUP BY cliente_id
            ) p ON `p`.`cliente_id` = `c`.`id`
WHERE `c`.`estado` = :c.estado:
ORDER BY `saldo_pendiente` DESC, `c`.`nombre` ASC', [...], false)
 5 APPPATH\Models\FiadoModel.php(63): CodeIgniter\Database\BaseBuilder->get()
 6 APPPATH\Services\FiadoService.php(27): App\Models\FiadoModel->obtenerClientesConDeuda(null)
 7 APPPATH\Controllers\Fiados.php(26): App\Services\FiadoService->obtenerListaClientes(null)
 8 SYSTEMPATH\CodeIgniter.php(974): App\Controllers\Fiados->index()
 9 SYSTEMPATH\CodeIgniter.php(520): CodeIgniter\CodeIgniter->runController(Object(App\Controllers\Fiados))
10 SYSTEMPATH\CodeIgniter.php(363): CodeIgniter\CodeIgniter->handleRequest(null, Object(Config\Cache), false)
11 SYSTEMPATH\Boot.php(417): CodeIgniter\CodeIgniter->run()
12 SYSTEMPATH\Boot.php(68): CodeIgniter\Boot::runCodeIgniter(Object(CodeIgniter\CodeIgniter))
13 FCPATH\index.php(59): CodeIgniter\Boot::bootWeb(Object(Config\Paths))
DEBUG - 2026-08-14 20:54:50 --> Session: Class initialized using 'CodeIgniter\Session\Handlers\FileHandler' driver.
DEBUG - 2026-08-14 20:54:58 --> Session: Class initialized using 'CodeIgniter\Session\Handlers\FileHandler' driver.
DEBUG - 2026-08-14 20:55:07 --> Session: Class initialized using 'CodeIgniter\Session\Handlers\FileHandler' driver.
DEBUG - 2026-08-14 20:55:10 --> Session: Class initialized using 'CodeIgniter\Session\Handlers\FileHandler' driver.
DEBUG - 2026-08-14 20:55:24 --> Session: Class initialized using 'CodeIgniter\Session\Handlers\FileHandler' driver.
DEBUG - 2026-08-14 20:55:26 --> Session: Class initialized using 'CodeIgniter\Session\Handlers\FileHandler' driver.
DEBUG - 2026-08-14 20:56:13 --> Session: Class initialized using 'CodeIgniter\Session\Handlers\FileHandler' driver.
DEBUG - 2026-08-14 20:56:14 --> Session: Class initialized using 'CodeIgniter\Session\Handlers\FileHandler' driver.
DEBUG - 2026-08-14 20:56:22 --> Session: Class initialized using 'CodeIgniter\Session\Handlers\FileHandler' driver.
DEBUG - 2026-08-14 20:56:40 --> Session: Class initialized using 'CodeIgniter\Session\Handlers\FileHandler' driver.
DEBUG - 2026-08-14 20:56:58 --> Session: Class initialized using 'CodeIgniter\Session\Handlers\FileHandler' driver.
DEBUG - 2026-08-14 20:57:01 --> Session: Class initialized using 'CodeIgniter\Session\Handlers\FileHandler' driver.
DEBUG - 2026-08-14 20:57:05 --> Session: Class initialized using 'CodeIgniter\Session\Handlers\FileHandler' driver.
DEBUG - 2026-08-14 20:57:07 --> Session: Class initialized using 'CodeIgniter\Session\Handlers\FileHandler' driver.
DEBUG - 2026-08-14 20:57:22 --> Session: Class initialized using 'CodeIgniter\Session\Handlers\FileHandler' driver.
DEBUG - 2026-08-14 20:57:28 --> Session: Class initialized using 'CodeIgniter\Session\Handlers\FileHandler' driver.
DEBUG - 2026-08-14 20:57:39 --> Session: Class initialized using 'CodeIgniter\Session\Handlers\FileHandler' driver.
DEBUG - 2026-08-14 20:57:48 --> Session: Class initialized using 'CodeIgniter\Session\Handlers\FileHandler' driver.
DEBUG - 2026-08-14 20:57:51 --> Session: Class initialized using 'CodeIgniter\Session\Handlers\FileHandler' driver.
DEBUG - 2026-08-14 20:57:52 --> Session: Class initialized using 'CodeIgniter\Session\Handlers\FileHandler' driver.
DEBUG - 2026-08-14 20:57:54 --> Session: Class initialized using 'CodeIgniter\Session\Handlers\FileHandler' driver.
DEBUG - 2026-08-14 20:57:56 --> Session: Class initialized using 'CodeIgniter\Session\Handlers\FileHandler' driver.
DEBUG - 2026-08-14 20:58:06 --> Session: Class initialized using 'CodeIgniter\Session\Handlers\FileHandler' driver.
DEBUG - 2026-08-14 20:58:08 --> Session: Class initialized using 'CodeIgniter\Session\Handlers\FileHandler' driver.
DEBUG - 2026-08-14 20:58:17 --> Session: Class initialized using 'CodeIgniter\Session\Handlers\FileHandler' driver.
DEBUG - 2026-08-14 20:58:18 --> Session: Class initialized using 'CodeIgniter\Session\Handlers\FileHandler' driver.
DEBUG - 2026-08-14 20:58:22 --> Session: Class initialized using 'CodeIgniter\Session\Handlers\FileHandler' driver.
DEBUG - 2026-08-14 20:58:27 --> Session: Class initialized using 'CodeIgniter\Session\Handlers\FileHandler' driver.
DEBUG - 2026-08-14 20:58:29 --> Session: Class initialized using 'CodeIgniter\Session\Handlers\FileHandler' driver.
DEBUG - 2026-08-14 20:59:23 --> Session: Class initialized using 'CodeIgniter\Session\Handlers\FileHandler' driver.
DEBUG - 2026-08-14 20:59:25 --> Session: Class initialized using 'CodeIgniter\Session\Handlers\FileHandler' driver.
DEBUG - 2026-08-14 20:59:34 --> Session: Class initialized using 'CodeIgniter\Session\Handlers\FileHandler' driver.
DEBUG - 2026-08-14 20:59:37 --> Session: Class initialized using 'CodeIgniter\Session\Handlers\FileHandler' driver.
DEBUG - 2026-08-14 21:00:01 --> Session: Class initialized using 'CodeIgniter\Session\Handlers\FileHandler' driver.
DEBUG - 2026-08-14 21:00:02 --> Session: Class initialized using 'CodeIgniter\Session\Handlers\FileHandler' driver.
DEBUG - 2026-08-14 21:00:21 --> Session: Class initialized using 'CodeIgniter\Session\Handlers\FileHandler' driver.
DEBUG - 2026-08-14 21:23:16 --> Session: Class initialized using 'CodeIgniter\Session\Handlers\FileHandler' driver.
DEBUG - 2026-08-14 21:23:17 --> Session: Class initialized using 'CodeIgniter\Session\Handlers\FileHandler' driver.
DEBUG - 2026-08-14 21:23:22 --> Session: Class initialized using 'CodeIgniter\Session\Handlers\FileHandler' driver.
DEBUG - 2026-08-14 21:23:22 --> Session: Class initialized using 'CodeIgniter\Session\Handlers\FileHandler' driver.
DEBUG - 2026-08-14 21:23:28 --> Session: Class initialized using 'CodeIgniter\Session\Handlers\FileHandler' driver.
DEBUG - 2026-08-14 21:23:31 --> Session: Class initialized using 'CodeIgniter\Session\Handlers\FileHandler' driver.
DEBUG - 2026-08-14 21:24:20 --> Session: Class initialized using 'CodeIgniter\Session\Handlers\FileHandler' driver.
DEBUG - 2026-08-14 21:24:23 --> Session: Class initialized using 'CodeIgniter\Session\Handlers\FileHandler' driver.
DEBUG - 2026-08-14 21:25:03 --> Session: Class initialized using 'CodeIgniter\Session\Handlers\FileHandler' driver.
DEBUG - 2026-08-14 21:25:05 --> Session: Class initialized using 'CodeIgniter\Session\Handlers\FileHandler' driver.
DEBUG - 2026-08-14 21:25:12 --> Session: Class initialized using 'CodeIgniter\Session\Handlers\FileHandler' driver.
DEBUG - 2026-08-14 21:25:31 --> Session: Class initialized using 'CodeIgniter\Session\Handlers\FileHandler' driver.
DEBUG - 2026-08-14 21:25:32 --> Session: Class initialized using 'CodeIgniter\Session\Handlers\FileHandler' driver.
DEBUG - 2026-08-14 21:25:40 --> Session: Class initialized using 'CodeIgniter\Session\Handlers\FileHandler' driver.
DEBUG - 2026-08-14 21:25:58 --> Session: Class initialized using 'CodeIgniter\Session\Handlers\FileHandler' driver.
DEBUG - 2026-08-14 21:29:04 --> Session: Class initialized using 'CodeIgniter\Session\Handlers\FileHandler' driver.
DEBUG - 2026-08-14 21:33:00 --> Session: Class initialized using 'CodeIgniter\Session\Handlers\FileHandler' driver.
DEBUG - 2026-08-14 21:33:01 --> Session: Class initialized using 'CodeIgniter\Session\Handlers\FileHandler' driver.
DEBUG - 2026-08-14 21:33:02 --> Session: Class initialized using 'CodeIgniter\Session\Handlers\FileHandler' driver.
DEBUG - 2026-08-14 21:33:27 --> Session: Class initialized using 'CodeIgniter\Session\Handlers\FileHandler' driver.
DEBUG - 2026-08-14 21:33:28 --> Session: Class initialized using 'CodeIgniter\Session\Handlers\FileHandler' driver.
DEBUG - 2026-08-14 21:33:37 --> Session: Class initialized using 'CodeIgniter\Session\Handlers\FileHandler' driver.
DEBUG - 2026-08-14 21:33:40 --> Session: Class initialized using 'CodeIgniter\Session\Handlers\FileHandler' driver.
DEBUG - 2026-08-14 21:33:45 --> Session: Class initialized using 'CodeIgniter\Session\Handlers\FileHandler' driver.
DEBUG - 2026-08-14 21:33:51 --> Session: Class initialized using 'CodeIgniter\Session\Handlers\FileHandler' driver.
DEBUG - 2026-08-14 21:33:54 --> Session: Class initialized using 'CodeIgniter\Session\Handlers\FileHandler' driver.
DEBUG - 2026-08-14 21:35:49 --> Session: Class initialized using 'CodeIgniter\Session\Handlers\FileHandler' driver.
DEBUG - 2026-08-14 21:43:50 --> Session: Class initialized using 'CodeIgniter\Session\Handlers\FileHandler' driver.
DEBUG - 2026-08-14 21:44:02 --> Session: Class initialized using 'CodeIgniter\Session\Handlers\FileHandler' driver.
DEBUG - 2026-08-14 21:44:11 --> Session: Class initialized using 'CodeIgniter\Session\Handlers\FileHandler' driver.
DEBUG - 2026-08-14 21:44:12 --> Session: Class initialized using 'CodeIgniter\Session\Handlers\FileHandler' driver.
DEBUG - 2026-08-14 21:44:12 --> Session: Class initialized using 'CodeIgniter\Session\Handlers\FileHandler' driver.
DEBUG - 2026-08-14 21:44:13 --> Session: Class initialized using 'CodeIgniter\Session\Handlers\FileHandler' driver.
DEBUG - 2026-08-14 21:44:13 --> Session: Class initialized using 'CodeIgniter\Session\Handlers\FileHandler' driver.
DEBUG - 2026-08-14 21:44:36 --> Session: Class initialized using 'CodeIgniter\Session\Handlers\FileHandler' driver.
DEBUG - 2026-08-14 21:44:43 --> Session: Class initialized using 'CodeIgniter\Session\Handlers\FileHandler' driver.
DEBUG - 2026-08-14 21:44:49 --> Session: Class initialized using 'CodeIgniter\Session\Handlers\FileHandler' driver.
DEBUG - 2026-08-14 21:44:52 --> Session: Class initialized using 'CodeIgniter\Session\Handlers\FileHandler' driver.
DEBUG - 2026-08-14 21:45:32 --> Session: Class initialized using 'CodeIgniter\Session\Handlers\FileHandler' driver.
DEBUG - 2026-08-14 21:45:34 --> Session: Class initialized using 'CodeIgniter\Session\Handlers\FileHandler' driver.
DEBUG - 2026-08-14 21:46:41 --> Session: Class initialized using 'CodeIgniter\Session\Handlers\FileHandler' driver.
DEBUG - 2026-08-14 21:53:04 --> Session: Class initialized using 'CodeIgniter\Session\Handlers\FileHandler' driver.
DEBUG - 2026-08-14 21:53:07 --> Session: Class initialized using 'CodeIgniter\Session\Handlers\FileHandler' driver.
DEBUG - 2026-08-14 21:53:44 --> Session: Class initialized using 'CodeIgniter\Session\Handlers\FileHandler' driver.
DEBUG - 2026-08-14 21:53:46 --> Session: Class initialized using 'CodeIgniter\Session\Handlers\FileHandler' driver.
DEBUG - 2026-08-14 21:53:46 --> Session: Class initialized using 'CodeIgniter\Session\Handlers\FileHandler' driver.
DEBUG - 2026-08-14 21:53:47 --> Session: Class initialized using 'CodeIgniter\Session\Handlers\FileHandler' driver.
DEBUG - 2026-08-14 21:53:53 --> Session: Class initialized using 'CodeIgniter\Session\Handlers\FileHandler' driver.
DEBUG - 2026-08-14 21:53:57 --> Session: Class initialized using 'CodeIgniter\Session\Handlers\FileHandler' driver.
DEBUG - 2026-08-14 21:54:05 --> Session: Class initialized using 'CodeIgniter\Session\Handlers\FileHandler' driver.
DEBUG - 2026-08-14 21:54:05 --> Session: Class initialized using 'CodeIgniter\Session\Handlers\FileHandler' driver.
DEBUG - 2026-08-14 21:54:10 --> Session: Class initialized using 'CodeIgniter\Session\Handlers\FileHandler' driver.
DEBUG - 2026-08-14 21:54:10 --> Session: Class initialized using 'CodeIgniter\Session\Handlers\FileHandler' driver.
DEBUG - 2026-08-14 21:54:13 --> Session: Class initialized using 'CodeIgniter\Session\Handlers\FileHandler' driver.
DEBUG - 2026-08-14 21:54:15 --> Session: Class initialized using 'CodeIgniter\Session\Handlers\FileHandler' driver.
DEBUG - 2026-08-14 21:56:04 --> Session: Class initialized using 'CodeIgniter\Session\Handlers\FileHandler' driver.
DEBUG - 2026-08-14 21:56:10 --> Session: Class initialized using 'CodeIgniter\Session\Handlers\FileHandler' driver.
DEBUG - 2026-08-14 22:20:32 --> Session: Class initialized using 'CodeIgniter\Session\Handlers\FileHandler' driver.
DEBUG - 2026-08-14 22:20:34 --> Session: Class initialized using 'CodeIgniter\Session\Handlers\FileHandler' driver.
DEBUG - 2026-08-14 22:20:35 --> Session: Class initialized using 'CodeIgniter\Session\Handlers\FileHandler' driver.
DEBUG - 2026-08-14 22:20:37 --> Session: Class initialized using 'CodeIgniter\Session\Handlers\FileHandler' driver.
DEBUG - 2026-08-14 22:20:40 --> Session: Class initialized using 'CodeIgniter\Session\Handlers\FileHandler' driver.
DEBUG - 2026-08-14 22:22:45 --> Session: Class initialized using 'CodeIgniter\Session\Handlers\FileHandler' driver.
DEBUG - 2026-08-14 22:22:49 --> Session: Class initialized using 'CodeIgniter\Session\Handlers\FileHandler' driver.
DEBUG - 2026-08-14 22:25:21 --> Session: Class initialized using 'CodeIgniter\Session\Handlers\FileHandler' driver.
DEBUG - 2026-08-14 22:25:23 --> Session: Class initialized using 'CodeIgniter\Session\Handlers\FileHandler' driver.
DEBUG - 2026-08-14 22:25:24 --> Session: Class initialized using 'CodeIgniter\Session\Handlers\FileHandler' driver.
DEBUG - 2026-08-14 22:25:28 --> Session: Class initialized using 'CodeIgniter\Session\Handlers\FileHandler' driver.
DEBUG - 2026-08-14 22:25:34 --> Session: Class initialized using 'CodeIgniter\Session\Handlers\FileHandler' driver.
DEBUG - 2026-08-14 22:25:36 --> Session: Class initialized using 'CodeIgniter\Session\Handlers\FileHandler' driver.
DEBUG - 2026-08-14 22:26:13 --> Session: Class initialized using 'CodeIgniter\Session\Handlers\FileHandler' driver.
DEBUG - 2026-08-14 22:26:13 --> Session: Class initialized using 'CodeIgniter\Session\Handlers\FileHandler' driver.
DEBUG - 2026-08-14 22:26:20 --> Session: Class initialized using 'CodeIgniter\Session\Handlers\FileHandler' driver.
DEBUG - 2026-08-14 22:26:20 --> Session: Class initialized using 'CodeIgniter\Session\Handlers\FileHandler' driver.
DEBUG - 2026-08-14 22:26:24 --> Session: Class initialized using 'CodeIgniter\Session\Handlers\FileHandler' driver.
DEBUG - 2026-08-14 22:26:25 --> Session: Class initialized using 'CodeIgniter\Session\Handlers\FileHandler' driver.
DEBUG - 2026-08-14 22:26:28 --> Session: Class initialized using 'CodeIgniter\Session\Handlers\FileHandler' driver.
DEBUG - 2026-08-14 22:26:31 --> Session: Class initialized using 'CodeIgniter\Session\Handlers\FileHandler' driver.
DEBUG - 2026-08-14 22:28:32 --> Session: Class initialized using 'CodeIgniter\Session\Handlers\FileHandler' driver.
DEBUG - 2026-08-14 22:31:33 --> Session: Class initialized using 'CodeIgniter\Session\Handlers\FileHandler' driver.
DEBUG - 2026-08-14 22:31:41 --> Session: Class initialized using 'CodeIgniter\Session\Handlers\FileHandler' driver.
DEBUG - 2026-08-14 22:31:43 --> Session: Class initialized using 'CodeIgniter\Session\Handlers\FileHandler' driver.
DEBUG - 2026-08-14 22:38:36 --> Session: Class initialized using 'CodeIgniter\Session\Handlers\FileHandler' driver.
DEBUG - 2026-08-14 22:43:41 --> Session: Class initialized using 'CodeIgniter\Session\Handlers\FileHandler' driver.
DEBUG - 2026-08-14 22:43:45 --> Session: Class initialized using 'CodeIgniter\Session\Handlers\FileHandler' driver.
DEBUG - 2026-08-14 22:43:47 --> Session: Class initialized using 'CodeIgniter\Session\Handlers\FileHandler' driver.
DEBUG - 2026-08-14 22:44:52 --> Session: Class initialized using 'CodeIgniter\Session\Handlers\FileHandler' driver.
DEBUG - 2026-08-14 22:45:13 --> Session: Class initialized using 'CodeIgniter\Session\Handlers\FileHandler' driver.
DEBUG - 2026-08-14 22:45:14 --> Session: Class initialized using 'CodeIgniter\Session\Handlers\FileHandler' driver.
DEBUG - 2026-08-14 22:45:15 --> Session: Class initialized using 'CodeIgniter\Session\Handlers\FileHandler' driver.
DEBUG - 2026-08-14 22:45:16 --> Session: Class initialized using 'CodeIgniter\Session\Handlers\FileHandler' driver.
DEBUG - 2026-08-14 22:45:29 --> Session: Class initialized using 'CodeIgniter\Session\Handlers\FileHandler' driver.
DEBUG - 2026-08-14 22:45:45 --> Session: Class initialized using 'CodeIgniter\Session\Handlers\FileHandler' driver.
DEBUG - 2026-08-14 22:45:49 --> Session: Class initialized using 'CodeIgniter\Session\Handlers\FileHandler' driver.
DEBUG - 2026-08-14 22:45:51 --> Session: Class initialized using 'CodeIgniter\Session\Handlers\FileHandler' driver.
DEBUG - 2026-08-14 22:46:52 --> Session: Class initialized using 'CodeIgniter\Session\Handlers\FileHandler' driver.
DEBUG - 2026-08-14 22:46:54 --> Session: Class initialized using 'CodeIgniter\Session\Handlers\FileHandler' driver.
DEBUG - 2026-08-14 22:47:05 --> Session: Class initialized using 'CodeIgniter\Session\Handlers\FileHandler' driver.
DEBUG - 2026-08-14 22:51:20 --> Session: Class initialized using 'CodeIgniter\Session\Handlers\FileHandler' driver.
DEBUG - 2026-08-14 22:51:24 --> Session: Class initialized using 'CodeIgniter\Session\Handlers\FileHandler' driver.
DEBUG - 2026-08-14 22:51:26 --> Session: Class initialized using 'CodeIgniter\Session\Handlers\FileHandler' driver.
DEBUG - 2026-08-14 22:51:28 --> Session: Class initialized using 'CodeIgniter\Session\Handlers\FileHandler' driver.
DEBUG - 2026-08-14 22:51:46 --> Session: Class initialized using 'CodeIgniter\Session\Handlers\FileHandler' driver.
DEBUG - 2026-08-14 22:51:47 --> Session: Class initialized using 'CodeIgniter\Session\Handlers\FileHandler' driver.
DEBUG - 2026-08-14 22:57:50 --> Session: Class initialized using 'CodeIgniter\Session\Handlers\FileHandler' driver.
DEBUG - 2026-08-14 22:57:53 --> Session: Class initialized using 'CodeIgniter\Session\Handlers\FileHandler' driver.
DEBUG - 2026-08-14 22:57:54 --> Session: Class initialized using 'CodeIgniter\Session\Handlers\FileHandler' driver.
DEBUG - 2026-08-14 22:57:54 --> Session: Class initialized using 'CodeIgniter\Session\Handlers\FileHandler' driver.
DEBUG - 2026-08-14 22:57:55 --> Session: Class initialized using 'CodeIgniter\Session\Handlers\FileHandler' driver.
DEBUG - 2026-08-14 22:57:57 --> Session: Class initialized using 'CodeIgniter\Session\Handlers\FileHandler' driver.
DEBUG - 2026-08-14 22:58:00 --> Session: Class initialized using 'CodeIgniter\Session\Handlers\FileHandler' driver.
DEBUG - 2026-08-14 22:58:40 --> Session: Class initialized using 'CodeIgniter\Session\Handlers\FileHandler' driver.
DEBUG - 2026-08-14 23:29:29 --> Session: Class initialized using 'CodeIgniter\Session\Handlers\FileHandler' driver.
DEBUG - 2026-08-14 23:29:32 --> Session: Class initialized using 'CodeIgniter\Session\Handlers\FileHandler' driver.
DEBUG - 2026-08-14 23:29:35 --> Session: Class initialized using 'CodeIgniter\Session\Handlers\FileHandler' driver.
DEBUG - 2026-08-14 23:31:28 --> Session: Class initialized using 'CodeIgniter\Session\Handlers\FileHandler' driver.
DEBUG - 2026-08-14 23:31:36 --> Session: Class initialized using 'CodeIgniter\Session\Handlers\FileHandler' driver.
DEBUG - 2026-08-14 23:31:36 --> Session: Class initialized using 'CodeIgniter\Session\Handlers\FileHandler' driver.
DEBUG - 2026-08-14 23:31:39 --> Session: Class initialized using 'CodeIgniter\Session\Handlers\FileHandler' driver.
DEBUG - 2026-08-14 23:31:41 --> Session: Class initialized using 'CodeIgniter\Session\Handlers\FileHandler' driver.
DEBUG - 2026-08-14 23:31:52 --> Session: Class initialized using 'CodeIgniter\Session\Handlers\FileHandler' driver.
DEBUG - 2026-08-14 23:31:53 --> Session: Class initialized using 'CodeIgniter\Session\Handlers\FileHandler' driver.
DEBUG - 2026-08-14 23:31:54 --> Session: Class initialized using 'CodeIgniter\Session\Handlers\FileHandler' driver.
DEBUG - 2026-08-14 23:32:04 --> Session: Class initialized using 'CodeIgniter\Session\Handlers\FileHandler' driver.
DEBUG - 2026-08-14 23:32:04 --> Session: Class initialized using 'CodeIgniter\Session\Handlers\FileHandler' driver.
DEBUG - 2026-08-14 23:32:08 --> Session: Class initialized using 'CodeIgniter\Session\Handlers\FileHandler' driver.
DEBUG - 2026-08-14 23:32:08 --> Session: Class initialized using 'CodeIgniter\Session\Handlers\FileHandler' driver.
DEBUG - 2026-08-14 23:32:15 --> Session: Class initialized using 'CodeIgniter\Session\Handlers\FileHandler' driver.
DEBUG - 2026-08-14 23:32:18 --> Session: Class initialized using 'CodeIgniter\Session\Handlers\FileHandler' driver.
DEBUG - 2026-08-14 23:35:22 --> Session: Class initialized using 'CodeIgniter\Session\Handlers\FileHandler' driver.
DEBUG - 2026-08-14 23:35:22 --> Session: Class initialized using 'CodeIgniter\Session\Handlers\FileHandler' driver.
DEBUG - 2026-08-14 23:35:36 --> Session: Class initialized using 'CodeIgniter\Session\Handlers\FileHandler' driver.
DEBUG - 2026-08-14 23:35:36 --> Session: Class initialized using 'CodeIgniter\Session\Handlers\FileHandler' driver.
DEBUG - 2026-08-14 23:35:40 --> Session: Class initialized using 'CodeIgniter\Session\Handlers\FileHandler' driver.
DEBUG - 2026-08-14 23:35:41 --> Session: Class initialized using 'CodeIgniter\Session\Handlers\FileHandler' driver.
DEBUG - 2026-08-14 23:43:48 --> Session: Class initialized using 'CodeIgniter\Session\Handlers\FileHandler' driver.
DEBUG - 2026-08-14 23:43:49 --> Session: Class initialized using 'CodeIgniter\Session\Handlers\FileHandler' driver.
DEBUG - 2026-08-14 23:43:49 --> Session: Class initialized using 'CodeIgniter\Session\Handlers\FileHandler' driver.
DEBUG - 2026-08-14 23:43:58 --> Session: Class initialized using 'CodeIgniter\Session\Handlers\FileHandler' driver.
DEBUG - 2026-08-14 23:43:59 --> Session: Class initialized using 'CodeIgniter\Session\Handlers\FileHandler' driver.
DEBUG - 2026-08-14 23:44:01 --> Session: Class initialized using 'CodeIgniter\Session\Handlers\FileHandler' driver.
DEBUG - 2026-08-14 23:44:04 --> Session: Class initialized using 'CodeIgniter\Session\Handlers\FileHandler' driver.
DEBUG - 2026-08-14 23:44:20 --> Session: Class initialized using 'CodeIgniter\Session\Handlers\FileHandler' driver.
DEBUG - 2026-08-14 23:44:22 --> Session: Class initialized using 'CodeIgniter\Session\Handlers\FileHandler' driver.
DEBUG - 2026-08-14 23:44:26 --> Session: Class initialized using 'CodeIgniter\Session\Handlers\FileHandler' driver.
DEBUG - 2026-08-14 23:44:28 --> Session: Class initialized using 'CodeIgniter\Session\Handlers\FileHandler' driver.
DEBUG - 2026-08-14 23:48:25 --> Session: Class initialized using 'CodeIgniter\Session\Handlers\FileHandler' driver.
DEBUG - 2026-08-14 23:48:28 --> Session: Class initialized using 'CodeIgniter\Session\Handlers\FileHandler' driver.
DEBUG - 2026-08-14 23:48:32 --> Session: Class initialized using 'CodeIgniter\Session\Handlers\FileHandler' driver.
